// Jest Snapshot v1, https://goo.gl/fbAQLP

exports[`<DueServicesTable /> Status Chip component shows correctly 1`] = `
<div
  class="DueServicesTable"
  data-testid="due-services-table"
>
  <div
    class="MuiTableContainer-root css-rorn0c-MuiTableContainer-root"
    data-testid="visable-due-services-table"
  >
    <table
      aria-label="due services table"
      class="MuiTable-root css-rqglhn-MuiTable-root"
    >
      <thead
        class="MuiTableHead-root css-15wwp11-MuiTableHead-root"
      >
        <tr
          class="MuiTableRow-root MuiTableRow-head css-1q1u3t4-MuiTableRow-root"
        >
          <th
            class="MuiTableCell-root MuiTableCell-head MuiTableCell-sizeMedium css-1ygcj2i-MuiTableCell-root"
            scope="col"
          >
            Id
          </th>
          <th
            class="MuiTableCell-root MuiTableCell-head MuiTableCell-alignRight MuiTableCell-sizeMedium css-1azl6jz-MuiTableCell-root"
            scope="col"
          >
            Client
          </th>
          <th
            class="MuiTableCell-root MuiTableCell-head MuiTableCell-alignRight MuiTableCell-sizeMedium css-1azl6jz-MuiTableCell-root"
            scope="col"
          >
            Frequency
          </th>
          <th
            class="MuiTableCell-root MuiTableCell-head MuiTableCell-alignRight MuiTableCell-sizeMedium css-1azl6jz-MuiTableCell-root"
            scope="col"
          >
            Due Date
          </th>
          <th
            class="MuiTableCell-root MuiTableCell-head MuiTableCell-alignRight MuiTableCell-sizeMedium css-1azl6jz-MuiTableCell-root"
            scope="col"
          >
            Status
          </th>
        </tr>
      </thead>
      <tbody
        class="MuiTableBody-root css-apqrd9-MuiTableBody-root"
      >
        <tr
          class="MuiTableRow-root css-1q1u3t4-MuiTableRow-root"
          data-testid="due-service-table-row"
        >
          <td
            class="MuiTableCell-root MuiTableCell-body MuiTableCell-sizeMedium css-1ex1afd-MuiTableCell-root"
          >
            100
          </td>
          <td
            class="MuiTableCell-root MuiTableCell-body MuiTableCell-alignRight MuiTableCell-sizeMedium css-177gid-MuiTableCell-root"
          >
            Rick & Morty Adventures
          </td>
          <td
            class="MuiTableCell-root MuiTableCell-body MuiTableCell-alignRight MuiTableCell-sizeMedium css-177gid-MuiTableCell-root"
          >
            MONTHLY
          </td>
          <td
            class="MuiTableCell-root MuiTableCell-body MuiTableCell-alignRight MuiTableCell-sizeMedium css-177gid-MuiTableCell-root"
          >
            Mar 27, 2022
          </td>
          <td
            class="MuiTableCell-root MuiTableCell-body MuiTableCell-alignRight MuiTableCell-sizeMedium css-177gid-MuiTableCell-root"
          >
            <div
              class="MuiChip-root MuiChip-outlined MuiChip-sizeSmall MuiChip-colorWarning MuiChip-outlinedWarning css-mpai30-MuiChip-root"
            >
              <span
                class="MuiChip-label MuiChip-labelSmall css-wjsjww-MuiChip-label"
              >
                Not Completed
              </span>
            </div>
          </td>
        </tr>
        <tr
          class="MuiTableRow-root css-1q1u3t4-MuiTableRow-root"
          data-testid="due-service-table-row"
        >
          <td
            class="MuiTableCell-root MuiTableCell-body MuiTableCell-sizeMedium css-1ex1afd-MuiTableCell-root"
          >
            101
          </td>
          <td
            class="MuiTableCell-root MuiTableCell-body MuiTableCell-alignRight MuiTableCell-sizeMedium css-177gid-MuiTableCell-root"
          >
            Rick & Morty Adventures
          </td>
          <td
            class="MuiTableCell-root MuiTableCell-body MuiTableCell-alignRight MuiTableCell-sizeMedium css-177gid-MuiTableCell-root"
          >
            MONTHLY
          </td>
          <td
            class="MuiTableCell-root MuiTableCell-body MuiTableCell-alignRight MuiTableCell-sizeMedium css-177gid-MuiTableCell-root"
          >
            Feb 27, 2022
          </td>
          <td
            class="MuiTableCell-root MuiTableCell-body MuiTableCell-alignRight MuiTableCell-sizeMedium css-177gid-MuiTableCell-root"
          >
            <div
              class="MuiChip-root MuiChip-outlined MuiChip-sizeSmall MuiChip-colorInfo MuiChip-outlinedInfo css-1wvzl5v-MuiChip-root"
            >
              <span
                class="MuiChip-label MuiChip-labelSmall css-wjsjww-MuiChip-label"
              >
                In Progress
              </span>
            </div>
          </td>
        </tr>
        <tr
          class="MuiTableRow-root css-1q1u3t4-MuiTableRow-root"
          data-testid="due-service-table-row"
        >
          <td
            class="MuiTableCell-root MuiTableCell-body MuiTableCell-sizeMedium css-1ex1afd-MuiTableCell-root"
          >
            102
          </td>
          <td
            class="MuiTableCell-root MuiTableCell-body MuiTableCell-alignRight MuiTableCell-sizeMedium css-177gid-MuiTableCell-root"
          >
            Rick & Morty Adventures
          </td>
          <td
            class="MuiTableCell-root MuiTableCell-body MuiTableCell-alignRight MuiTableCell-sizeMedium css-177gid-MuiTableCell-root"
          >
            MONTHLY
          </td>
          <td
            class="MuiTableCell-root MuiTableCell-body MuiTableCell-alignRight MuiTableCell-sizeMedium css-177gid-MuiTableCell-root"
          >
            Jan 27, 2022
          </td>
          <td
            class="MuiTableCell-root MuiTableCell-body MuiTableCell-alignRight MuiTableCell-sizeMedium css-177gid-MuiTableCell-root"
          >
            <div
              class="MuiChip-root MuiChip-outlined MuiChip-sizeSmall MuiChip-colorSuccess MuiChip-outlinedSuccess css-1smg64b-MuiChip-root"
            >
              <span
                class="MuiChip-label MuiChip-labelSmall css-wjsjww-MuiChip-label"
              >
                Completed
              </span>
            </div>
          </td>
        </tr>
        <tr
          class="MuiTableRow-root css-1q1u3t4-MuiTableRow-root"
          data-testid="due-service-table-row"
        >
          <td
            class="MuiTableCell-root MuiTableCell-body MuiTableCell-sizeMedium css-1ex1afd-MuiTableCell-root"
          >
            103
          </td>
          <td
            class="MuiTableCell-root MuiTableCell-body MuiTableCell-alignRight MuiTableCell-sizeMedium css-177gid-MuiTableCell-root"
          >
            Rick & Morty Adventures
          </td>
          <td
            class="MuiTableCell-root MuiTableCell-body MuiTableCell-alignRight MuiTableCell-sizeMedium css-177gid-MuiTableCell-root"
          >
            MONTHLY
          </td>
          <td
            class="MuiTableCell-root MuiTableCell-body MuiTableCell-alignRight MuiTableCell-sizeMedium css-177gid-MuiTableCell-root"
          >
            Dec 27, 2021
          </td>
          <td
            class="MuiTableCell-root MuiTableCell-body MuiTableCell-alignRight MuiTableCell-sizeMedium css-177gid-MuiTableCell-root"
          >
            <div
              class="MuiChip-root MuiChip-outlined MuiChip-sizeSmall MuiChip-colorDefault MuiChip-outlinedDefault css-911tg4-MuiChip-root"
            >
              <span
                class="MuiChip-label MuiChip-labelSmall css-wjsjww-MuiChip-label"
              >
                Cancelled
              </span>
            </div>
          </td>
        </tr>
      </tbody>
    </table>
  </div>
</div>
`;
